C:\Users\Paul\Documents\Study n code\Dematic\bookStorage\src\main\java\com\restapi\bookStorage\BookStorageApplication.java
C:\Users\Paul\Documents\Study n code\Dematic\bookStorage\src\main\java\com\restapi\bookStorage\Test.java
C:\Users\Paul\Documents\Study n code\Dematic\bookStorage\src\main\java\com\restapi\bookStorage\Journal\Journal.java
C:\Users\Paul\Documents\Study n code\Dematic\bookStorage\src\main\java\com\restapi\bookStorage\Book\BookController.java
C:\Users\Paul\Documents\Study n code\Dematic\bookStorage\src\main\java\com\restapi\bookStorage\AntiqueBook\AntiqueBookController.java
C:\Users\Paul\Documents\Study n code\Dematic\bookStorage\src\main\java\com\restapi\bookStorage\Journal\JournalController.java
C:\Users\Paul\Documents\Study n code\Dematic\bookStorage\src\main\java\com\restapi\bookStorage\AntiqueBook\AntiqueBookRepository.java
C:\Users\Paul\Documents\Study n code\Dematic\bookStorage\src\main\java\com\restapi\bookStorage\Journal\JournalRepository.java
C:\Users\Paul\Documents\Study n code\Dematic\bookStorage\src\main\java\com\restapi\bookStorage\AntiqueBook\AntiqueBook.java
C:\Users\Paul\Documents\Study n code\Dematic\bookStorage\src\main\java\com\restapi\bookStorage\Book\Book.java
C:\Users\Paul\Documents\Study n code\Dematic\bookStorage\src\main\java\com\restapi\bookStorage\Book\BookRepository.java
